// Jest Snapshot v1, https://goo.gl/fbAQLP

exports[`Nav component matches snapshot 1`] = `
<DocumentFragment>
  <header
    class="flex-row px-1"
    date-testid="header"
  >
    <h2>
      <a
        data-testid="link"
        href="/"
      >
        Cory Thompson
      </a>
    </h2>
    <nav>
      <ul
        class="flex-row"
      >
        <li
          class="mx-2"
        >
          <a
            data-testid="about"
            href="#about"
          >
            About Me
          </a>
        </li>
        <li
          class="mx-2"
        >
          <span>
            Connect
          </span>
        </li>
        <li
          class="mx-1"
        >
          <span>
            Front end
          </span>
        </li>
        <li
          class="mx-1"
        >
          <span>
            Generator
          </span>
        </li>
        <li
          class="mx-1"
        >
          <span>
            Full stack
          </span>
        </li>
        <li
          class="mx-1"
        >
          <span>
            Budget
          </span>
        </li>
      </ul>
    </nav>
  </header>
</DocumentFragment>
`;
